X.509v3 TLS Certificate (ECDSA P-256) [Serial: 2369...9458]
  Subject:     1-ff00:0:110 AS Certificate
  Issuer:      1-ff00:0:110 Secure CA Certificate
  Valid from:  2021-03-18T17:12:31Z
          to:  2022-03-18T17:12:31Z
X.509v3 Intermediate CA Certificate (ECDSA P-256) [Serial: 6670...0390]
  Subject:     1-ff00:0:110 Secure CA Certificate
  Issuer:      1-ff00:0:110 High Security Root Certificate
  Valid from:  2021-03-18T17:12:31Z
          to:  2023-03-18T17:12:31Z
