{
    "A": {
        "ActionFilterPaths": {
            "CondAnyOf": [
                {
                    "CondBool": false
                }
            ]
        }
    },
    "B": {
        "ActionFilterPaths": {
            "CondAllOf": [
                {
                    "CondBool": true
                }
            ]
        }
    }
}
